
> hospital-pos@1.0.0 build
> next build

  Γû▓ Next.js 14.2.35

   Creating an optimized production build ...
 Γ£ô Compiled successfully
   Linting and checking validity of types ...
node.exe : Failed to compile.
At line:1 char:1
+ & "C:\Program 
Files\nodejs/node.exe" 
"C:\Users\WARIN 
STORE\AppData\Ro ...
+ ~~~~~~~~~~~~~~~~~~~~~~~~~~~
~~~~~~~~~~~~~~~~~~~~~~~~~~~~~
~~~~~~~~~~~~~
    + CategoryInfo           
   : NotSpecified: (Failed   
  to compile.:String) [],    
 RemoteException
    + FullyQualifiedErrorId  
   : NativeCommandError
 

./src/app/admin/menu/page.tsx
:28:72
Type error: Property 
'nutrition' does not exist 
on type '{ name: string; 
description: string; price: 
string; ImageUrl: string; 
category: string; menuType: 
string; }'.

[0m [90m 26 |[39m[0m
[0m [90m 27 |[39m   [0m
[0m[31m[1m>[22m[39m[90m
 28 |[39m   [36mconst[39m 
addNutritionRow [33m=[39m 
() [33m=>[39m setForm(f 
[33m=>[39m ({ 
[33m...[39mf[33m,[39m 
nutrition[33m:[39m [[33m..
.[39mf[33m.[39mnutrition[
33m,[39m 
{indicator[33m:[39m 
[32m""[39m[33m,[39m 
value[33m:[39m 
[32m""[39m}] 
}))[33m;[39m[0m
[0m [90m    |[39m         
                             
                             
     [31m[1m^[22m[39m[0m
[0m [90m 29 |[39m   
[36mconst[39m 
updateNutrition [33m=[39m 
(index[33m:[39m 
number[33m,[39m 
field[33m:[39m 
[32m"indicator"[39m 
[33m|[39m 
[32m"value"[39m[33m,[39m 
val[33m:[39m string) 
[33m=>[39m {[0m
[0m [90m 30 |[39m      
[36mconst[39m newNutri 
[33m=[39m [[33m...[39mfor
m[33m.[39mnutrition][33m;
[39m[0m
[0m [90m 31 |[39m      
newNutri[index][field] 
[33m=[39m 
val[33m;[39m[0m
Next.js build worker exited 
with code: 1 and signal: null
